08-24 10:44:30.997 24279 24279 V ActivityScenario: Update currentActivityStage to DESTROYED, currentActivity=null
08-24 10:44:30.998  1980  5356 W InputManager-JNI: Input channel object 'b547764 com.example.dogglers/com.example.dogglers.HorizontalListActivity (client)' was disposed without first being removed with the input manager!
08-24 10:44:31.000 31700 23961 E DataMetricsPhoneStateUtils: isPermissionApplication - pkgName: com.tmobile.echolocate, isPrivilegedApp: true, isSystemApp: true
08-24 10:44:31.000 31700 23961 E DataMetricsPhoneStateUtils: getWiFiCalling
08-24 10:44:31.000 31700 23961 E DataMetricsPhoneStateUtils: mImsMmTelManager != null
08-24 10:44:31.003  1980  5356 D InputMethodManagerService: isSecurity: attribute.packageName=com.example.dogglers mCurMethodId=com.emoji.coolkeyboard/com.android.inputmethod.latin.LatinIME
08-24 10:44:31.003  1980  5356 D InputMethodManagerService: isSecurity= false (  enable=false needShow=false inBlackList=false isExist=true )
08-24 10:44:31.003  1166  1166 D OplusLayer: ~Layer() sequence=10691, name=Surface(name=5d504d2 InputMethod)/@0x8d9ccff - animation-leash of insets_animation#1 0xb4000079a5452880
08-24 10:44:31.003  1166  1166 D OplusLayer: ~Layer() sequence=10707, name=b547764 com.example.dogglers/com.example.dogglers.HorizontalListActivity#0 0xb40000799cefcb80
08-24 10:44:31.004  1166  1166 D OplusLayer: ~Layer() sequence=10708, name=com.example.dogglers/com.example.dogglers.HorizontalListActivity#0 0xb4000079a619ed40
08-24 10:44:31.004  1166  1166 D OplusLayer: ~Layer() sequence=10712, name=Surface(name=5d504d2 InputMethod)/@0x8d9ccff - animation-leash of insets_animation#1 0xb4000079a610f340
08-24 10:44:31.005  1166  1166 D OplusMovieIdle: updateLayerStacks,mOmiSupport is not supoort
08-24 10:44:31.007 24279 24279 D LifecycleMonitor: Lifecycle status change: androidx.test.core.app.InstrumentationActivityInvoker$EmptyActivity@42a9357 in: PAUSED
08-24 10:44:31.007 24279 24279 V ActivityScenario: Activity lifecycle changed event received but ignored because the intent does not match. startActivityIntent=Intent { act=android.intent.action.MAIN cat=[android.intent.category.LAUNCHER] cmp=com.example.dogglers/.HorizontalListActivity }, activity.getIntent()=Intent { act=android.intent.action.MAIN cat=[android.intent.category.LAUNCHER] flg=0x10000000 cmp=com.example.dogglers/androidx.test.core.app.InstrumentationActivityInvoker$EmptyActivity mCallingUid=10498 }, activity=androidx.test.core.app.InstrumentationActivityInvoker$EmptyActivity@42a9357
08-24 10:44:31.008  1106  1106 E vendor.qti.hardware.perf@2.2-service: Unknown params
08-24 10:44:31.010  1980  5300 I InputDispatcher: setFocusedApplication displayId=0 ActivityRecord{1822824 u0 com.example.dogglers/androidx.test.core.app.InstrumentationActivityInvoker$EmptyActivity t17947}
08-24 10:44:31.011  1980  5300 D Theia.NoFocusWindow: FocusWindowErrorScene CheckFreezeScreen
08-24 10:44:31.011 31700 23961 E DataMetricsPhoneStateUtils: getWiFi
08-24 10:44:31.012 31700 23961 E DataMetricsPhoneStateUtils: getRoaming
08-24 10:44:31.012 31700 23961 E DataMetricsPhoneStateUtils: getRTT
08-24 10:44:31.013 31700 23961 E DataMetricsPhoneStateUtils: isRttSupported = true
08-24 10:44:31.014 31700 23961 E DataMetricsPhoneStateUtils: getRTTTranscript
08-24 10:44:31.014 24279 24279 D LifecycleMonitor: Lifecycle status change: androidx.test.core.app.InstrumentationActivityInvoker$BootstrapActivity@e14b754 in: DESTROYED
08-24 10:44:31.014 24279 24279 V ActivityScenario: Activity lifecycle changed event received but ignored because the intent does not match. startActivityIntent=Intent { act=android.intent.action.MAIN cat=[android.intent.category.LAUNCHER] cmp=com.example.dogglers/.HorizontalListActivity }, activity.getIntent()=Intent { act=android.intent.action.MAIN cat=[android.intent.category.LAUNCHER] flg=0x10008000 cmp=com.example.dogglers/androidx.test.core.app.InstrumentationActivityInvoker$BootstrapActivity (has extras) mCallingUid=10498 }, activity=androidx.test.core.app.InstrumentationActivityInvoker$BootstrapActivity@e14b754
08-24 10:44:31.015  1166  1166 D OplusMovieIdle: updateLayerStacks,mOmiSupport is not supoort
08-24 10:44:31.016 31700 23961 E DataMetricsPhoneStateUtils: getNetworkMode
08-24 10:44:31.016  1132  1132 E ORMS_HAL: open /sys/devices/platform/soc/soc:oplus-omrg/oplus-omrg0/ruler_enable failed(No such file or directory)
08-24 10:44:31.017  1132  1132 E ORMS_HAL: open /sys/devices/platform/soc/soc:oplus-omrg/oplus-omrg0/ruler_enable failed(No such file or directory)
08-24 10:44:31.019 24279 24279 D LifecycleMonitor: Lifecycle status change: androidx.test.core.app.InstrumentationActivityInvoker$EmptyActivity@44971ba in: PRE_ON_CREATE
08-24 10:44:31.019 24279 24279 V ActivityScenario: Activity lifecycle changed event received but ignored because the intent does not match. startActivityIntent=Intent { act=android.intent.action.MAIN cat=[android.intent.category.LAUNCHER] cmp=com.example.dogglers/.HorizontalListActivity }, activity.getIntent()=Intent { act=android.intent.action.MAIN cat=[android.intent.category.LAUNCHER] flg=0x10000000 cmp=com.example.dogglers/androidx.test.core.app.InstrumentationActivityInvoker$EmptyActivity mCallingUid=10498 }, activity=androidx.test.core.app.InstrumentationActivityInvoker$EmptyActivity@44971ba
08-24 10:44:31.025 24279 24279 D LifecycleMonitor: Lifecycle status change: androidx.test.core.app.InstrumentationActivityInvoker$EmptyActivity@44971ba in: CREATED
08-24 10:44:31.025 24279 24279 V ActivityScenario: Activity lifecycle changed event received but ignored because the intent does not match. startActivityIntent=Intent { act=android.intent.action.MAIN cat=[android.intent.category.LAUNCHER] cmp=com.example.dogglers/.HorizontalListActivity }, activity.getIntent()=Intent { act=android.intent.action.MAIN cat=[android.intent.category.LAUNCHER] flg=0x10000000 cmp=com.example.dogglers/androidx.test.core.app.InstrumentationActivityInvoker$EmptyActivity mCallingUid=10498 }, activity=androidx.test.core.app.InstrumentationActivityInvoker$EmptyActivity@44971ba
08-24 10:44:31.026  1166  1166 D OplusLayer: ~Layer() sequence=10700, name=ActivityRecord{898c186 u0 com.example.dogglers/androidx.test.core.app.InstrumentationActivityInvoker$BootstrapActivity#0 0xb4000079a5460d40
08-24 10:44:31.026 24279 24279 D LifecycleMonitor: Lifecycle status change: androidx.test.core.app.InstrumentationActivityInvoker$EmptyActivity@44971ba in: STARTED
08-24 10:44:31.026 24279 24279 V ActivityScenario: Activity lifecycle changed event received but ignored because the intent does not match. startActivityIntent=Intent { act=android.intent.action.MAIN cat=[android.intent.category.LAUNCHER] cmp=com.example.dogglers/.HorizontalListActivity }, activity.getIntent()=Intent { act=android.intent.action.MAIN cat=[android.intent.category.LAUNCHER] flg=0x10000000 cmp=com.example.dogglers/androidx.test.core.app.InstrumentationActivityInvoker$EmptyActivity mCallingUid=10498 }, activity=androidx.test.core.app.InstrumentationActivityInvoker$EmptyActivity@44971ba
08-24 10:44:31.026  1166  1166 D OplusMovieIdle: updateLayerStacks,mOmiSupport is not supoort
08-24 10:44:31.027  1980  5300 I FocusResolver: updateFocusedWindow,  on display 0, reason: NO_WINDOW, result:   FocusedWindows: <none>
08-24 10:44:31.028 24279 24279 D LifecycleMonitor: Lifecycle status change: androidx.test.core.app.InstrumentationActivityInvoker$EmptyActivity@44971ba in: RESUMED
08-24 10:44:31.028 24279 24279 V ActivityScenario: Activity lifecycle changed event received but ignored because the intent does not match. startActivityIntent=Intent { act=android.intent.action.MAIN cat=[android.intent.category.LAUNCHER] cmp=com.example.dogglers/.HorizontalListActivity }, activity.getIntent()=Intent { act=android.intent.action.MAIN cat=[android.intent.category.LAUNCHER] flg=0x10000000 cmp=com.example.dogglers/androidx.test.core.app.InstrumentationActivityInvoker$EmptyActivity mCallingUid=10498 }, activity=androidx.test.core.app.InstrumentationActivityInvoker$EmptyActivity@44971ba
08-24 10:44:31.031 24279 24279 D WindowManager: Add to mViews: DecorView@50cef86[InstrumentationActivityInvoker$EmptyActivity],pkg= com.example.dogglers
08-24 10:44:31.033  1980  5352 D OplusDisplayPolicy: com.example.dogglers, no change cutoutMode: 0
08-24 10:44:31.037  1166  1166 D OplusLayer: ~Layer() sequence=10711, name=Surface(name=d40766c Splash Screen com.example.dogglers)/@0xb84529c - animation-leash of window_animation#0 0xb4000079a610acc0
08-24 10:44:31.037  1166  1166 D OplusLayer: ~Layer() sequence=10701, name=d40766c Splash Screen com.example.dogglers#0 0xb4000079a61de280
08-24 10:44:31.037  1166  1166 D OplusLayer: ~Layer() sequence=10702, name=Splash Screen com.example.dogglers#0 0xb4000079a548d4c0
08-24 10:44:31.038  1166  1166 D OplusMovieIdle: updateLayerStacks,mOmiSupport is not supoort
08-24 10:44:31.039  1980  5356 D OplusDisplayPolicy: com.example.dogglers, no change cutoutMode: 0
08-24 10:44:31.042  1980  5356 D Theia.NoFocusWindow: FocusWindowErrorScene cancelCheckFreezeScreen
08-24 10:44:31.047  1166  1166 D OplusLayer: setBuffer sequence=10724, name=com.example.dogglers/androidx.test.core.app.InstrumentationActivityInvoker$EmptyActivity#1
08-24 10:44:31.047  1166  1166 I OplusLayer: VRR [FRTC] update from -1 to 0
08-24 10:44:31.048 24279 24362 D SurfaceComposerClient: VRR [FRTC] client handle [bufferId:18446744073709551615 framenumber:0] [ffffffff, ffffffff]
08-24 10:44:31.049  1166  1166 D OplusMovieIdle: updateLayerStacks,mOmiSupport is not supoort
08-24 10:44:31.051  1106  1106 E vendor.qti.hardware.perf@2.2-service: Unknown params
08-24 10:44:31.052  1106  1106 E vendor.qti.hardware.perf@2.2-service: Unknown params
08-24 10:44:31.052   639   639 I hwservicemanager: getTransport: Cannot find entry vendor.qti.hardware.iop@2.0::IIop/default in either framework or device VINTF manifest.
08-24 10:44:31.052  1980  2063 I ActivityTaskManager: Displayed com.example.dogglers/androidx.test.core.app.InstrumentationActivityInvoker$EmptyActivity: +67ms
08-24 10:44:31.052 31700 23961 E DataMetricsPhoneStateUtils: getWiFiCalling
08-24 10:44:31.053 31700 23961 E DataMetricsPhoneStateUtils: mImsMmTelManager != null
08-24 10:44:31.053   639   639 I hwservicemanager: getTransport: Cannot find entry vendor.qti.hardware.iop@2.0::IIop/default in either framework or device VINTF manifest.
08-24 10:44:31.056 24279 24312 E BLASTBufferQueue: BLASTBufferItemConsumer::onDisconnect()
08-24 10:44:31.061  1166  1166 D OplusLayer: ~Layer() sequence=10718, name=Surface(name=9f94243 StatusBar)/@0xdb3beaa - animation-leash of insets_animation#0 0xb4000079a61e3700
08-24 10:44:31.061  1166  1166 D OplusLayer: ~Layer() sequence=10719, name=Surface(name=bca72af NavigationBar0)/@0xedb8e38 - animation-leash of insets_animation#0 0xb4000079a61f17c0
08-24 10:44:31.062  1980  5356 D ActivityTrigger: ActivityTrigger activityPauseTrigger
08-24 10:44:31.063  1980  5352 I FocusResolver: updateFocusedWindow, d8c0a9f com.example.dogglers/androidx.test.core.app.InstrumentationActivityInvoker$EmptyActivity on display 0, reason: setFocusedWindow, result:   FocusedWindows:
08-24 10:44:31.063  1980  5352 I FocusResolver:     displayId=0, name='d8c0a9f com.example.dogglers/androidx.test.core.app.InstrumentationActivityInvoker$EmptyActivity'
08-24 10:44:31.064 31700 23961 E DataMetricsPhoneStateUtils: getWiFi
08-24 10:44:31.064  1166  1166 D OplusMovieIdle: updateLayerStacks,mOmiSupport is not supoort
08-24 10:44:31.065  1980  5356 D Theia.NoFocusWindow: FocusWindowErrorScene CheckFreezeScreen
08-24 10:44:31.065  1980  5356 I InputDispatcher: setFocusedApplication displayId=0 ActivityRecord{83a5fb6 u0 com.android.launcher/.Launcher t5}
08-24 10:44:31.065  1132  1132 E ORMS_HAL: open /sys/devices/platform/soc/soc:oplus-omrg/oplus-omrg0/ruler_enable failed(No such file or directory)
08-24 10:44:31.065  1132  1132 E ORMS_HAL: open /sys/devices/platform/soc/soc:oplus-omrg/oplus-omrg0/ruler_enable failed(No such file or directory)
08-24 10:44:31.065 31700 23961 E DataMetricsPhoneStateUtils: getRoaming
08-24 10:44:31.066 31700 23961 E DataMetricsPhoneStateUtils: getRTT
08-24 10:44:31.066  1132  1132 E ORMS_HAL: open /sys/devices/platform/soc/soc:oplus-omrg/oplus-omrg0/ruler_enable failed(No such file or directory)
08-24 10:44:31.066  1980  2064 V AppStateBroadcaster: sendApplicationFocusLoss:com.example.dogglers
08-24 10:44:31.066  1132  1132 E ORMS_HAL: open /sys/devices/platform/soc/soc:oplus-omrg/oplus-omrg0/ruler_enable failed(No such file or directory)
08-24 10:44:31.066  1132  1132 D ORMS_HAL: OrmsHalService write file /sys/class/devfreq/soc:qcom,cpu-cpu-llcc-bw/bw_hwmon/hist_memory - 0.
08-24 10:44:31.066  1132  1132 D ORMS_HAL: OrmsHalService write file /sys/class/devfreq/soc:qcom,cpu-cpu-llcc-bw/bw_hwmon/hyst_length - 0.
08-24 10:44:31.066  1132  1132 D ORMS_HAL: OrmsHalService write file /sys/class/devfreq/soc:qcom,cpu-cpu-llcc-bw/bw_hwmon/hyst_trigger_count - 0.
08-24 10:44:31.066  1132  1132 D ORMS_HAL: OrmsHalService write file /sys/class/devfreq/soc:qcom,cpu-llcc-ddr-bw/bw_hwmon/hist_memory - 0.
08-24 10:44:31.066  1132  1132 D ORMS_HAL: OrmsHalService write file /sys/class/devfreq/soc:qcom,cpu-llcc-ddr-bw/bw_hwmon/hyst_length - 0.
08-24 10:44:31.066  1132  1132 D ORMS_HAL: OrmsHalService write file /sys/class/devfreq/soc:qcom,cpu-llcc-ddr-bw/bw_hwmon/hyst_trigger_count - 0.
08-24 10:44:31.067  1132  1132 D ORMS_HAL: OrmsHalService write file /dev/stune/foreground/schedtune.prefer_idle - 0.
08-24 10:44:31.067  1132  1132 D ORMS_HAL: OrmsHalService write file /sys/devices/system/cpu/cpu_boost/input_boost_freq - 0:3000000 4:3000000 7:3000000.
08-24 10:44:31.067  1980  2064 V AppStateBroadcaster: sendApplicationFocusGain:com.android.launcher
08-24 10:44:31.068 31700 23961 E DataMetricsPhoneStateUtils: isRttSupported = true
08-24 10:44:31.068 31700 23961 E DataMetricsPhoneStateUtils: getRTTTranscript
08-24 10:44:31.070  1166  1166 D OplusLayer: ~Layer() sequence=10703, name=ActivityRecord{a3d720f u0 com.example.dogglers/.HorizontalListActivity#0 0xb4000079a618fa00
08-24 10:44:31.070 31700 23961 E DataMetricsPhoneStateUtils: getNetworkMode
08-24 10:44:31.070 24279 24279 D LifecycleMonitor: Lifecycle status change: androidx.test.core.app.InstrumentationActivityInvoker$EmptyActivity@42a9357 in: STOPPED
08-24 10:44:31.071 24279 24279 V ActivityScenario: Activity lifecycle changed event received but ignored because the intent does not match. startActivityIntent=Intent { act=android.intent.action.MAIN cat=[android.intent.category.LAUNCHER] cmp=com.example.dogglers/.HorizontalListActivity }, activity.getIntent()=Intent { act=android.intent.action.MAIN cat=[android.intent.category.LAUNCHER] flg=0x10000000 cmp=com.example.dogglers/androidx.test.core.app.InstrumentationActivityInvoker$EmptyActivity mCallingUid=10498 }, activity=androidx.test.core.app.InstrumentationActivityInvoker$EmptyActivity@42a9357
08-24 10:44:31.071  1166  1166 D OplusMovieIdle: updateLayerStacks,mOmiSupport is not supoort
08-24 10:44:31.071  1980  5352 I FocusResolver: updateFocusedWindow,  on display 0, reason: NO_WINDOW, result:   FocusedWindows: <none>
08-24 10:44:31.071 31700 23544 I Info log: MediaSessionFileUtils$Companion.saveFileToExternalStorage:19:DefaultDispatcher-worker-6  MediaSession_SDK: No permission to read/write storage
08-24 10:44:31.071 31700 23544 I Info log: MediaSessionFileUtils$Companion.saveFileToExternalStorage:19:DefaultDispatcher-worker-6  MediaSession_SDK: No permission to read/write storage
08-24 10:44:31.072 24279 24279 D LifecycleMonitor: Lifecycle status change: androidx.test.core.app.InstrumentationActivityInvoker$EmptyActivity@44971ba in: PAUSED
08-24 10:44:31.072 24279 24279 V ActivityScenario: Activity lifecycle changed event received but ignored because the intent does not match. startActivityIntent=Intent { act=android.intent.action.MAIN cat=[android.intent.category.LAUNCHER] cmp=com.example.dogglers/.HorizontalListActivity }, activity.getIntent()=Intent { act=android.intent.action.MAIN cat=[android.intent.category.LAUNCHER] flg=0x10000000 cmp=com.example.dogglers/androidx.test.core.app.InstrumentationActivityInvoker$EmptyActivity mCallingUid=10498 }, activity=androidx.test.core.app.InstrumentationActivityInvoker$EmptyActivity@44971ba
08-24 10:44:31.073 31700 31700 W DiagSdk : Main thread abused, please check stack trace below.
08-24 10:44:31.073  1106  1106 E vendor.qti.hardware.perf@2.2-service: Unknown params
08-24 10:44:31.073  1980  5352 V SensorManager: call sensorServiceCommonInterface name: setScreenShotDisable
08-24 10:44:31.073  1980  5352 D SensorService: SensorService sensorServiceCommonInterface = setScreenShotDisable
08-24 10:44:31.073  1980  5352 D SensorServiceImpl: SensorServiceExtImpl sensorServiceCommonInterface funcName= setScreenShotDisable , flag =0, status =0
08-24 10:44:31.073  1980  5352 I OplusHansManager : front pkg: com.android.launcher, uid: 10462, prev pkg: com.example.dogglers, prev uid: 10498
08-24 10:44:31.073  1980  4487 I OplusHansManager : notifyAppGoForeground, uid=10462
08-24 10:44:31.073  1980  4487 I OplusHansManager : notifyAppGoBackground, uid=10498
08-24 10:44:31.073  1980  3352 I OplusHansManager : uid=10498, pkg=com.example.dogglers enter SM
08-24 10:44:31.074  1980  3008 I Osense-DecisionMaker: notifySceneToPolicy...SCENE_LAUNCHER
08-24 10:44:31.074  1980  3008 D Osense-DecisionMaker: getCurrentSysStats, memMb: 2045
08-24 10:44:31.074  1980  3352 I OplusHansManager : uid=10498, pkg=com.example.dogglers R enter()
08-24 10:44:31.074  1980  3358 I OplusResourcePreloadManager: resume pkg: com.android.launcher, uid:10462, prev pkg: com.example.dogglers, prev uid: 10498
08-24 10:44:31.075  1980  3674 V DCSEX-AppSwitchManager: OnAppSwitchObserver: onAppExit , info = OplusAppExitInfo = {  targetName = com.example.dogglers hasResumingActivity = true resumingPackageName = com.android.launcher resumingActivityName = com.android.launcher.Launcher resumingWindowMode = 1 isResumingMultiApp = false isResumingFirstStart = false extension = Bundle[{taskId=5, uid=10462}]}
08-24 10:44:31.075  1980  7980 D DCSEX-AppLaunchEventRecorder: onAppSwitch from = com.example.dogglers to = com.android.launcher
08-24 10:44:31.078   639   639 I hwservicemanager: getTransport: Cannot find entry vendor.qti.hardware.iop@2.0::IIop/default in either framework or device VINTF manifest.
08-24 10:44:31.078 31700 23965 I Info log: MediaSessionFileUtils$Companion.saveFileToExternalStorage:19:DefaultDispatcher-worker-13  MediaSession_SDK: No permission to read/write storage
08-24 10:44:31.079 31700 23965 I Info log: MediaSessionFileUtils$Companion.saveFileToExternalStorage:19:DefaultDispatcher-worker-13  MediaSession_SDK: No permission to read/write storage
08-24 10:44:31.079 31700 31700 W DiagSdk : Main thread abused, please check stack trace below.
08-24 10:44:31.082 10450 10467 I [0]DCS-BackgroundAppData: sendAppBgEvent: has no pkgName=com.android.launcher
08-24 10:44:31.082  3611 11053 D AppSwitchListener: onAppExit() called !
08-24 10:44:31.082  1980  7575 E ANDR-PERF-JNI: UXEngine Trigger - Returning null
08-24 10:44:31.083  1166  1166 D OplusMovieIdle: updateLayerStacks,mOmiSupport is not supoort
08-24 10:44:31.084  3611 11052 W Battery : ThermalControlUtils: mForegroundPkg=com.android.launcher
08-24 10:44:31.084  1166  1287 I VRR [FRTC]: setFrameRateTarget with [0, com.example.dogglers, 0, com.oplus.battery]
08-24 10:44:31.084  1166  1287 W VRR [FRTC]: invalid param { fps 0, proc_name com.example.dogglers, strict_mode 0, description com.oplus.battery, rate_status 0, backend Surface, enable at 2022-08-24 10:44:31, disable waiting } for current status.
08-24 10:44:31.084  1166  1287 W VRR [FRTC]: CurrentTarget size 0:
08-24 10:44:31.084  1980  2236 E AthenaService: MemoryGuardAction: handleAppChange
08-24 10:44:31.086  1980  3674 V DCSEX-AppSwitchManager: OnAppSwitchObserver: onAppEnter , info = OplusAppEnterInfo = {  windowMode = 1 targetName = com.android.launcher multiApp = false firstStart = false launchedFromPackage = null intent = Intent { act=android.intent.action.MAIN cat=[android.intent.category.HOME] flg=0x10000100 cmp=com.android.launcher/.Launcher (has extras) } extension = Bundle[{taskId=5, pid=3533, uid=10462}]}
08-24 10:44:31.086  3611 11052 W Battery : ThermalControllHandler: tempLevel=4,userMode=2,gameUserMode=-1,appType=-1,envTempType=0,appStates=[]
08-24 10:44:31.086  1166  1166 D OplusLayer: ~Layer() sequence=10729, name=Screenshot Parent 0xb4000079a618fa00
08-24 10:44:31.087  3611 11052 W Battery : ThermalControllerCenter: mSafetyState=10000
08-24 10:44:31.087  3611 11052 W Battery : ThermalControllHandler: tempGear=4,configItemName=common_config
08-24 10:44:31.089 10374 10388 D ZoomAppController: ignore onAppEnter: mCurrentZoomInfo is null
08-24 10:44:31.090 31700 23961 D DataMetrics5gSa: WifiCalling:CELLULAR Wifi:ON Roaming:OFF Rtt:OFF RttTranscript:OFF NetworkMode:5G
08-24 10:44:31.090 31700 23961 D OplusRadioManager: getCarrierConfigVersion
08-24 10:44:31.091 31700 23961 D OplusRadioManager: getCarrierSa5gBandConfig
08-24 10:44:31.092 31700 23961 D DataMetrics5gSa: carrierConfigVersion:2.450001
08-24 10:44:31.092 31700 23961 D DataMetrics5gSa: carrierSa5gBandConfig:{SAn25Enabled=false, SAn41Enabled=false, SAn2Enabled=false, SAn71Enabled=true, SAn66Enabled=false}
08-24 10:44:31.092 31700 23961 D DataMetrics5gSa: vonrSetting: -1
08-24 10:44:31.092 31700 23961 D DataMetrics5gSa: vonrStatus: -1
08-24 10:44:31.093  1166  1166 D OplusMovieIdle: updateLayerStacks,mOmiSupport is not supoort
08-24 10:44:31.094 24279 24279 D LifecycleMonitor: Lifecycle status change: androidx.test.core.app.InstrumentationActivityInvoker$EmptyActivity@42a9357 in: DESTROYED
08-24 10:44:31.094 24279 24279 V ActivityScenario: Activity lifecycle changed event received but ignored because the intent does not match. startActivityIntent=Intent { act=android.intent.action.MAIN cat=[android.intent.category.LAUNCHER] cmp=com.example.dogglers/.HorizontalListActivity }, activity.getIntent()=Intent { act=android.intent.action.MAIN cat=[android.intent.category.LAUNCHER] flg=0x10000000 cmp=com.example.dogglers/androidx.test.core.app.InstrumentationActivityInvoker$EmptyActivity mCallingUid=10498 }, activity=androidx.test.core.app.InstrumentationActivityInvoker$EmptyActivity@42a9357
08-24 10:44:31.094  1980  5265 I android_os_HwBinder: HwBinder: Starting thread pool for getting: vendor.oplus.hardware.charger@1.0::ICharger/default
08-24 10:44:31.095  1980  2850 W InputManager-JNI: Input channel object 'eafc392 com.example.dogglers/androidx.test.core.app.InstrumentationActivityInvoker$EmptyActivity (client)' was disposed without first being removed with the input manager!
08-24 10:44:31.096 31700 23961 D DataMetrics5gSa: new com.tmobile.echolocate.DataMetrics5gSa with context
08-24 10:44:31.096  3611  5992 W Battery : ThermalControllHandler: MSG_THERMAL_CONTROL_CATEGORY_CHANGED
08-24 10:44:31.096 31700 23961 E DataMetricsPhoneStateUtils: isPermissionApplication - pkgName: com.tmobile.echolocate, isPrivilegedApp: true, isSystemApp: true
08-24 10:44:31.096 31700 23961 D DataMetrics5gSa: mPackageName = com.tmobile.echolocate, checkPermission = true
08-24 10:44:31.098  1980  2850 D Theia.NoFocusWindow: FocusWindowErrorScene cancelCheckFreezeScreen
08-24 10:44:31.099 31700 23961 E DataMetricsPhoneStateUtils: isPermissionApplication - pkgName: com.tmobile.echolocate, isPrivilegedApp: true, isSystemApp: true
08-24 10:44:31.100 24279 24302 I TestRunner: finished: horizontal_scroll_content_at_last_position(com.example.dogglers.HorizontalListTests)
